src/contexts/AuthContext.tsx(3,10): error TS1484: 'Session' is a type and must be imported using a type-only import when 'verbatimModuleSyntax' is enabled.
src/contexts/AuthContext.tsx(3,19): error TS1484: 'User' is a type and must be imported using a type-only import when 'verbatimModuleSyntax' is enabled.
